[2025-07-22 16:39:09] [INFO] 日志系统初始化完成
[2025-07-22 16:39:09] [INFO] FSP-TCS仿真系统启动
[2025-07-22 16:39:09] [ERROR] 仿真出错: 无法识别的字段名称 "n_components_per_station"。
[2025-07-22 16:39:09] [ERROR] 错误位置: D:\CODE\FSP-IDS\main_fsp.m, 行号: 93
[2025-07-22 16:41:59] [INFO] 日志系统初始化完成
[2025-07-22 16:41:59] [INFO] FSP-TCS仿真系统启动
[2025-07-22 16:43:39] [INFO] 日志系统初始化完成
[2025-07-22 16:43:39] [INFO] FSP-TCS仿真系统启动
[2025-07-22 16:53:13] [INFO] 日志系统初始化完成
[2025-07-22 16:53:13] [INFO] FSP-TCS仿真系统启动
[2025-07-22 17:02:10] [INFO] 日志系统初始化完成
[2025-07-22 17:02:10] [INFO] FSP-TCS仿真系统启动
[2025-07-22 17:07:27] [INFO] 日志系统初始化完成
[2025-07-22 17:07:27] [INFO] FSP-TCS仿真系统启动
[2025-07-22 17:18:25] [INFO] 日志系统初始化完成
[2025-07-22 17:18:25] [WARNING] 日志系统初始化失败，已切换到备用日志配置。
[2025-07-22 17:18:25] [INFO] FSP-TCS仿真系统启动
[2025-07-22 17:18:25] [ERROR] 环境或智能体创建过程中发生致命错误: 输入参数太多。
[2025-07-22 17:19:49] [INFO] 日志系统初始化完成
[2025-07-22 17:19:49] [WARNING] 日志系统初始化失败，已切换到备用日志配置。
[2025-07-22 17:19:49] [INFO] FSP-TCS仿真系统启动
[2025-07-22 17:19:49] [ERROR] 环境或智能体创建过程中发生致命错误: 输入参数太多。
[2025-07-22 17:22:16] [INFO] 日志系统初始化完成
[2025-07-22 17:22:16] [WARNING] 日志系统初始化失败，已切换到备用日志配置。
[2025-07-22 17:22:16] [INFO] FSP-TCS仿真系统启动
[2025-07-22 17:22:16] [ERROR] 环境或智能体创建过程中发生致命错误: 输入参数太多。
[2025-07-22 17:26:33] [INFO] 日志系统初始化完成
[2025-07-22 17:26:33] [WARNING] 日志系统初始化失败，已切换到备用日志配置。
[2025-07-22 17:26:33] [INFO] FSP-TCS仿真系统启动
[2025-07-22 17:26:33] [ERROR] 环境或智能体创建过程中发生致命错误: 输入参数太多。
[2025-07-22 17:27:51] [INFO] 日志系统初始化完成
[2025-07-22 17:27:51] [WARNING] 日志系统初始化失败，已切换到备用日志配置。
[2025-07-22 17:27:51] [INFO] FSP-TCS仿真系统启动
[2025-07-22 17:27:51] [ERROR] 环境或智能体创建过程中发生致命错误: 输入参数太多。
[2025-07-22 17:29:54] [INFO] 日志系统初始化完成
[2025-07-22 17:29:54] [WARNING] 日志系统初始化失败，已切换到备用日志配置。
[2025-07-22 17:29:54] [INFO] FSP-TCS仿真系统启动
[2025-07-22 17:29:54] [ERROR] 环境或智能体创建过程中发生致命错误: 输入参数太多。
[2025-07-22 18:02:36] [INFO] 日志系统初始化完成
[2025-07-22 18:02:36] [WARNING] 日志系统初始化失败，已切换到备用日志配置。
[2025-07-22 18:02:36] [INFO] FSP-TCS仿真系统启动
[2025-07-22 18:02:36] [INFO] TCS 环境创建成功。
[2025-07-22 18:02:36] [INFO] 攻击者智能体 "Attacker" 创建成功。
[2025-07-22 18:02:36] [INFO] 防御者智能体 "Defender_QLearning" 创建成功。
[2025-07-22 18:02:36] [INFO] 防御者智能体 "Defender_SARSA" 创建成功。
[2025-07-22 18:02:36] [ERROR] 创建防御者智能体 "DQN" 失败: 未知的算法类型: DQN
[2025-07-22 18:02:36] [INFO] 备用 QLearning 防御者智能体 "Defender_DQN_Fallback" 创建成功。
[2025-07-22 18:02:36] [INFO] 初始化结果收集器和性能监控器。
[2025-07-22 18:03:50] [INFO] 日志系统初始化完成
[2025-07-22 18:03:50] [WARNING] 日志系统初始化失败，已切换到备用日志配置。
[2025-07-22 18:03:50] [INFO] FSP-TCS仿真系统启动
[2025-07-22 18:03:50] [INFO] TCS 环境创建成功。
[2025-07-22 18:03:50] [INFO] 攻击者智能体 "Attacker" 创建成功。
[2025-07-22 18:03:50] [INFO] 防御者智能体 "Defender_QLearning" 创建成功。
[2025-07-22 18:03:50] [INFO] 防御者智能体 "Defender_SARSA" 创建成功。
[2025-07-22 18:03:50] [ERROR] 创建防御者智能体 "DQN" 失败: 未知的算法类型: DQN
[2025-07-22 18:03:50] [INFO] 备用 QLearning 防御者智能体 "Defender_DQN_Fallback" 创建成功。
[2025-07-22 18:03:50] [INFO] 初始化结果收集器和性能监控器。
[2025-07-22 18:06:03] [INFO] 日志系统初始化完成
[2025-07-22 18:06:03] [WARNING] 日志系统初始化失败，已切换到备用日志配置。
[2025-07-22 18:06:03] [INFO] FSP-TCS仿真系统启动
[2025-07-22 18:06:03] [INFO] TCS 环境创建成功。
[2025-07-22 18:06:03] [INFO] 攻击者智能体 "Attacker" 创建成功。
[2025-07-22 18:06:03] [INFO] 防御者智能体 "Defender_QLearning" 创建成功。
[2025-07-22 18:06:03] [INFO] 防御者智能体 "Defender_SARSA" 创建成功。
[2025-07-22 18:06:03] [INFO] 防御者智能体 "Defender_DQN" 创建成功。
[2025-07-22 18:06:03] [INFO] 初始化结果收集器和性能监控器。
[2025-07-22 18:13:54] [INFO] 日志系统初始化完成
[2025-07-22 18:13:54] [WARNING] 日志系统初始化失败，已切换到备用日志配置。
[2025-07-22 18:13:54] [INFO] FSP-TCS仿真系统启动
[2025-07-22 18:13:54] [INFO] TCS 环境创建成功。
[2025-07-22 18:13:54] [INFO] 攻击者智能体 "Attacker" 创建成功。
[2025-07-22 18:13:54] [INFO] 防御者智能体 "Defender_QLearning" 创建成功。
[2025-07-22 18:13:54] [INFO] 防御者智能体 "Defender_SARSA" 创建成功。
[2025-07-22 18:13:54] [INFO] 防御者智能体 "Defender_DQN" 创建成功。
[2025-07-22 18:13:54] [INFO] 初始化结果收集器和性能监控器。
[2025-07-22 18:16:59] [INFO] 日志系统初始化完成
[2025-07-22 18:16:59] [WARNING] 日志系统初始化失败，已切换到备用日志配置。
[2025-07-22 18:16:59] [INFO] FSP-TCS仿真系统启动
[2025-07-22 18:16:59] [INFO] TCS 环境创建成功。
[2025-07-22 18:16:59] [INFO] 攻击者智能体 "Attacker" 创建成功。
[2025-07-22 18:16:59] [INFO] 防御者智能体 "Defender_QLearning" 创建成功。
[2025-07-22 18:16:59] [INFO] 防御者智能体 "Defender_SARSA" 创建成功。
[2025-07-22 18:16:59] [INFO] 初始化结果收集器和性能监控器。
[2025-07-22 18:18:27] [INFO] 日志系统初始化完成
[2025-07-22 18:18:27] [WARNING] 日志系统初始化失败，已切换到备用日志配置。
[2025-07-22 18:18:27] [INFO] FSP-TCS仿真系统启动
[2025-07-22 18:18:27] [INFO] TCS 环境创建成功。
[2025-07-22 18:18:27] [INFO] 攻击者智能体 "Attacker" 创建成功。
[2025-07-22 18:18:27] [INFO] 防御者智能体 "Defender_QLearning" 创建成功。
[2025-07-22 18:18:27] [INFO] 防御者智能体 "Defender_SARSA" 创建成功。
[2025-07-22 18:18:27] [INFO] 初始化结果收集器和性能监控器。
[2025-07-22 18:18:27] [INFO] 开始 FSP 仿真主循环。
[2025-07-22 18:18:27] [INFO] --- FSP 迭代 1/1000 ---
[2025-07-22 18:18:27] [INFO] 智能体学习阶段开始。
[2025-07-22 18:22:09] [INFO] 日志系统初始化完成
[2025-07-22 18:22:09] [WARNING] 日志系统初始化失败，已切换到备用日志配置。
[2025-07-22 18:22:09] [INFO] FSP-TCS仿真系统启动
[2025-07-22 18:22:09] [INFO] TCS 环境创建成功。
[2025-07-22 18:22:09] [INFO] 攻击者智能体 "Attacker" 创建成功。
[2025-07-22 18:22:09] [INFO] 防御者智能体 "Defender_QLearning" 创建成功。
[2025-07-22 18:22:09] [INFO] 防御者智能体 "Defender_SARSA" 创建成功。
[2025-07-22 18:22:09] [INFO] 初始化结果收集器和性能监控器。
[2025-07-22 18:22:09] [INFO] 开始 FSP 仿真主循环。
[2025-07-22 18:22:09] [INFO] --- FSP 迭代 1/1000 ---
[2025-07-22 18:22:09] [INFO] 智能体学习阶段开始。
[2025-07-22 18:23:46] [INFO] 日志系统初始化完成
[2025-07-22 18:23:46] [WARNING] 日志系统初始化失败，已切换到备用日志配置。
[2025-07-22 18:23:46] [INFO] FSP-TCS仿真系统启动
[2025-07-22 18:23:46] [INFO] TCS 环境创建成功。
[2025-07-22 18:23:47] [INFO] 攻击者智能体 "Attacker" 创建成功。
[2025-07-22 18:23:47] [INFO] 防御者智能体 "Defender_QLearning" 创建成功。
[2025-07-22 18:23:47] [INFO] 防御者智能体 "Defender_SARSA" 创建成功。
[2025-07-22 18:23:47] [INFO] 初始化结果收集器和性能监控器。
[2025-07-22 18:23:47] [INFO] 开始 FSP 仿真主循环。
[2025-07-22 18:23:47] [INFO] --- FSP 迭代 1/1000 ---
[2025-07-22 18:23:47] [INFO] 智能体学习阶段开始。
[2025-07-22 18:28:32] [INFO] 日志系统初始化完成
[2025-07-22 18:28:32] [WARNING] 日志系统初始化失败，已切换到备用日志配置。
[2025-07-22 18:28:32] [INFO] FSP-TCS仿真系统启动
[2025-07-22 18:28:32] [INFO] TCS 环境创建成功。
[2025-07-22 18:28:32] [INFO] 攻击者智能体 "Attacker" 创建成功。
[2025-07-22 18:28:32] [INFO] 防御者智能体 "Defender_QLearning" 创建成功。
[2025-07-22 18:28:32] [INFO] 防御者智能体 "Defender_SARSA" 创建成功。
[2025-07-22 18:28:32] [INFO] 初始化结果收集器和性能监控器。
[2025-07-22 18:28:32] [INFO] 开始 FSP 仿真主循环。
[2025-07-22 18:28:32] [INFO] --- FSP 迭代 1/1000 ---
[2025-07-22 18:28:32] [INFO] 智能体学习阶段开始。
[2025-07-22 18:32:46] [INFO] 日志系统初始化完成
[2025-07-22 18:32:46] [WARNING] 日志系统初始化失败，已切换到备用日志配置。
[2025-07-22 18:32:46] [INFO] FSP-TCS仿真系统启动
[2025-07-22 18:32:46] [INFO] TCS 环境创建成功。
[2025-07-22 18:32:46] [INFO] 攻击者智能体 "Attacker" 创建成功。
[2025-07-22 18:32:46] [INFO] 防御者智能体 "Defender_QLearning" 创建成功。
[2025-07-22 18:32:46] [INFO] 防御者智能体 "Defender_SARSA" 创建成功。
[2025-07-22 18:32:46] [INFO] 初始化结果收集器和性能监控器。
[2025-07-22 18:32:46] [INFO] 开始 FSP 仿真主循环。
[2025-07-22 18:32:46] [INFO] --- FSP 迭代 1/1000 ---
[2025-07-22 18:32:46] [INFO] 智能体学习阶段开始。
[2025-07-22 18:33:51] [INFO] 日志系统初始化完成
[2025-07-22 18:33:51] [WARNING] 日志系统初始化失败，已切换到备用日志配置。
[2025-07-22 18:33:51] [INFO] FSP-TCS仿真系统启动
[2025-07-22 18:33:51] [INFO] TCS 环境创建成功。
[2025-07-22 18:33:51] [INFO] 攻击者智能体 "Attacker" 创建成功。
[2025-07-22 18:33:51] [INFO] 防御者智能体 "Defender_QLearning" 创建成功。
[2025-07-22 18:33:51] [INFO] 防御者智能体 "Defender_SARSA" 创建成功。
[2025-07-22 18:33:51] [INFO] 初始化结果收集器和性能监控器。
[2025-07-22 18:33:51] [INFO] 开始 FSP 仿真主循环。
[2025-07-22 18:33:51] [INFO] --- FSP 迭代 1/1000 ---
[2025-07-22 18:33:51] [INFO] 智能体学习阶段开始。
[2025-07-22 18:40:13] [INFO] 日志系统初始化完成
[2025-07-22 18:40:13] [WARNING] 日志系统初始化失败，已切换到备用日志配置。
[2025-07-22 18:40:13] [INFO] FSP-TCS仿真系统启动
[2025-07-22 18:40:13] [INFO] TCS 环境创建成功。
[2025-07-22 18:40:13] [INFO] 攻击者智能体 "Attacker" 创建成功。
[2025-07-22 18:40:13] [INFO] 防御者智能体 "Defender_QLearning" 创建成功。
[2025-07-22 18:40:13] [INFO] 防御者智能体 "Defender_SARSA" 创建成功。
[2025-07-22 18:40:13] [INFO] 初始化结果收集器和性能监控器。
[2025-07-22 18:40:13] [INFO] 开始 FSP 仿真主循环。
[2025-07-22 18:40:13] [INFO] --- FSP 迭代 1/1000 ---
[2025-07-22 18:40:13] [INFO] 智能体学习阶段开始。
[2025-07-22 18:48:36] [INFO] 日志系统初始化完成
[2025-07-22 18:48:36] [WARNING] 日志系统初始化失败，已切换到备用日志配置。
[2025-07-22 18:48:36] [INFO] FSP-TCS仿真系统启动
[2025-07-22 18:48:36] [INFO] TCS 环境创建成功。
[2025-07-22 18:48:36] [INFO] 攻击者智能体 "Attacker" 创建成功。
[2025-07-22 18:48:36] [INFO] 防御者智能体 "Defender_QLearning" 创建成功。
[2025-07-22 18:48:36] [INFO] 防御者智能体 "Defender_SARSA" 创建成功。
[2025-07-22 18:48:36] [INFO] 初始化结果收集器和性能监控器。
[2025-07-22 18:48:36] [INFO] 开始 FSP 仿真主循环。
[2025-07-22 18:48:36] [INFO] --- FSP 迭代 1/1000 ---
[2025-07-22 18:48:36] [INFO] 智能体学习阶段开始。
[2025-07-22 18:51:55] [INFO] 日志系统初始化完成
[2025-07-22 18:51:55] [WARNING] 日志系统初始化失败，已切换到备用日志配置。
[2025-07-22 18:51:55] [INFO] FSP-TCS仿真系统启动
[2025-07-22 18:51:55] [INFO] TCS 环境创建成功。
[2025-07-22 18:51:55] [INFO] 初始化结果收集器和性能监控器。
[2025-07-22 18:51:55] [INFO] 开始 FSP 仿真主循环。
[2025-07-22 18:51:55] [INFO] --- FSP 迭代 1/1000 ---
[2025-07-22 18:51:55] [INFO] 智能体学习阶段开始。
[2025-07-22 18:54:18] [INFO] 日志系统初始化完成
[2025-07-22 18:54:18] [WARNING] 日志系统初始化失败，已切换到备用日志配置。
[2025-07-22 18:54:18] [INFO] FSP-TCS仿真系统启动
[2025-07-22 18:54:18] [INFO] TCS 环境创建成功。
[2025-07-22 18:54:18] [INFO] 初始化结果收集器和性能监控器。
[2025-07-22 18:54:18] [INFO] 开始 FSP 仿真主循环。
[2025-07-22 18:54:18] [INFO] --- FSP 迭代 1/1000 ---
[2025-07-22 18:54:18] [INFO] 智能体学习阶段开始。
[2025-07-22 18:55:28] [INFO] 日志系统初始化完成
[2025-07-22 18:55:28] [WARNING] 日志系统初始化失败，已切换到备用日志配置。
[2025-07-22 18:55:28] [INFO] FSP-TCS仿真系统启动
[2025-07-22 18:55:28] [INFO] TCS 环境创建成功。
[2025-07-22 18:55:28] [INFO] 初始化结果收集器和性能监控器。
[2025-07-22 18:55:28] [INFO] 开始 FSP 仿真主循环。
[2025-07-22 18:55:28] [INFO] --- FSP 迭代 1/1000 ---
[2025-07-22 18:55:28] [INFO] 智能体学习阶段开始。
[2025-07-22 18:56:57] [INFO] 日志系统初始化完成
[2025-07-22 18:56:57] [WARNING] 日志系统初始化失败，已切换到备用日志配置。
[2025-07-22 18:56:57] [INFO] FSP-TCS仿真系统启动
[2025-07-22 18:56:57] [INFO] TCS 环境创建成功。
[2025-07-22 18:56:57] [INFO] 初始化结果收集器和性能监控器。
[2025-07-22 18:56:57] [INFO] 开始 FSP 仿真主循环。
[2025-07-22 18:56:57] [INFO] --- FSP 迭代 1/1000 ---
[2025-07-22 18:56:57] [INFO] 智能体学习阶段开始。
[2025-07-22 19:07:51] [INFO] 日志系统初始化完成
[2025-07-22 19:07:51] [WARNING] 日志系统初始化失败，已切换到备用日志配置。
[2025-07-22 19:07:51] [INFO] FSP-TCS仿真系统启动
[2025-07-22 19:07:52] [INFO] TCS 环境创建成功。
[2025-07-22 19:07:52] [INFO] 初始化结果收集器和性能监控器。
[2025-07-22 19:07:52] [INFO] 开始 FSP 仿真主循环。
[2025-07-22 19:07:52] [INFO] --- FSP 迭代 1/1000 ---
[2025-07-22 19:07:52] [INFO] 智能体学习阶段开始。
[2025-07-22 19:11:03] [INFO] 日志系统初始化完成
[2025-07-22 19:11:03] [WARNING] 日志系统初始化失败，已切换到备用日志配置。
[2025-07-22 19:11:03] [INFO] FSP-TCS仿真系统启动
[2025-07-22 19:11:03] [INFO] TCS 环境创建成功。
[2025-07-22 19:11:04] [INFO] 初始化结果收集器和性能监控器。
[2025-07-22 19:11:04] [INFO] 开始 FSP 仿真主循环。
[2025-07-22 19:11:04] [INFO] --- FSP 迭代 1/1000 ---
[2025-07-22 19:11:04] [INFO] 智能体学习阶段开始。
[2025-07-22 19:12:31] [INFO] 日志系统初始化完成
[2025-07-22 19:12:31] [WARNING] 日志系统初始化失败，已切换到备用日志配置。
[2025-07-22 19:12:31] [INFO] FSP-TCS仿真系统启动
[2025-07-22 19:12:31] [INFO] TCS 环境创建成功。
[2025-07-22 19:12:31] [INFO] 初始化结果收集器和性能监控器。
[2025-07-22 19:12:31] [INFO] 开始 FSP 仿真主循环。
[2025-07-22 19:12:31] [INFO] --- FSP 迭代 1/1000 ---
[2025-07-22 19:12:31] [INFO] 智能体学习阶段开始。
[2025-07-22 19:13:30] [INFO] 日志系统初始化完成
[2025-07-22 19:13:30] [WARNING] 日志系统初始化失败，已切换到备用日志配置。
[2025-07-22 19:13:30] [INFO] FSP-TCS仿真系统启动
[2025-07-22 19:13:30] [INFO] TCS 环境创建成功。
[2025-07-22 19:13:30] [INFO] 初始化结果收集器和性能监控器。
[2025-07-22 19:13:30] [INFO] 开始 FSP 仿真主循环。
[2025-07-22 19:13:30] [INFO] --- FSP 迭代 1/1000 ---
[2025-07-22 19:13:30] [INFO] 智能体学习阶段开始。
[2025-07-22 19:14:26] [INFO] 日志系统初始化完成
[2025-07-22 19:14:26] [WARNING] 日志系统初始化失败，已切换到备用日志配置。
[2025-07-22 19:14:26] [INFO] FSP-TCS仿真系统启动
[2025-07-22 19:14:26] [INFO] TCS 环境创建成功。
[2025-07-22 19:14:26] [INFO] 初始化结果收集器和性能监控器。
[2025-07-22 19:14:27] [INFO] 开始 FSP 仿真主循环。
[2025-07-22 19:14:27] [INFO] --- FSP 迭代 1/1000 ---
[2025-07-22 19:14:27] [INFO] 智能体学习阶段开始。
[2025-07-22 19:15:31] [INFO] 日志系统初始化完成
[2025-07-22 19:15:31] [WARNING] 日志系统初始化失败，已切换到备用日志配置。
[2025-07-22 19:15:31] [INFO] FSP-TCS仿真系统启动
[2025-07-22 19:15:31] [INFO] TCS 环境创建成功。
[2025-07-22 19:15:31] [INFO] 初始化结果收集器和性能监控器。
[2025-07-22 19:15:31] [INFO] 开始 FSP 仿真主循环。
[2025-07-22 19:15:31] [INFO] --- FSP 迭代 1/1000 ---
[2025-07-22 19:15:31] [INFO] 智能体学习阶段开始。
[2025-07-22 19:15:31] [INFO] --- FSP 迭代 2/1000 ---
[2025-07-22 19:15:31] [INFO] 智能体学习阶段开始。
[2025-07-22 19:15:32] [INFO] --- FSP 迭代 3/1000 ---
[2025-07-22 19:15:32] [INFO] 智能体学习阶段开始。
[2025-07-22 19:15:32] [INFO] --- FSP 迭代 4/1000 ---
[2025-07-22 19:15:32] [INFO] 智能体学习阶段开始。
[2025-07-22 19:15:32] [INFO] --- FSP 迭代 5/1000 ---
[2025-07-22 19:15:32] [INFO] 智能体学习阶段开始。
[2025-07-22 19:15:32] [INFO] --- FSP 迭代 6/1000 ---
[2025-07-22 19:15:32] [INFO] 智能体学习阶段开始。
[2025-07-22 19:15:32] [INFO] --- FSP 迭代 7/1000 ---
[2025-07-22 19:15:32] [INFO] 智能体学习阶段开始。
[2025-07-22 19:15:32] [INFO] --- FSP 迭代 8/1000 ---
[2025-07-22 19:15:32] [INFO] 智能体学习阶段开始。
[2025-07-22 19:15:32] [INFO] --- FSP 迭代 9/1000 ---
[2025-07-22 19:15:32] [INFO] 智能体学习阶段开始。
[2025-07-22 19:15:33] [INFO] --- FSP 迭代 10/1000 ---
[2025-07-22 19:15:33] [INFO] 智能体学习阶段开始。
[2025-07-22 19:15:33] [INFO] 保存检查点在迭代 10
[2025-07-22 19:17:08] [INFO] 日志系统初始化完成
[2025-07-22 19:17:08] [WARNING] 日志系统初始化失败，已切换到备用日志配置。
[2025-07-22 19:17:08] [INFO] FSP-TCS仿真系统启动
[2025-07-22 19:17:08] [INFO] TCS 环境创建成功。
[2025-07-22 19:17:08] [INFO] 初始化结果收集器和性能监控器。
[2025-07-22 19:17:08] [INFO] 开始 FSP 仿真主循环。
[2025-07-22 19:17:08] [INFO] --- FSP 迭代 1/1000 ---
[2025-07-22 19:17:08] [INFO] 智能体学习阶段开始。
[2025-07-22 19:22:30] [INFO] 日志系统初始化完成
[2025-07-22 19:22:30] [WARNING] 日志系统初始化失败，已切换到备用日志配置。
[2025-07-22 19:22:30] [INFO] FSP-TCS仿真系统启动
[2025-07-22 19:22:30] [INFO] TCS 环境创建成功。
[2025-07-22 19:22:30] [INFO] 初始化结果收集器和性能监控器。
[2025-07-22 19:22:30] [INFO] 开始 FSP 仿真主循环。
[2025-07-22 19:22:30] [INFO] --- FSP 迭代 1/1000 ---
[2025-07-22 19:22:30] [INFO] 智能体学习阶段开始。
[2025-07-22 19:23:19] [INFO] 日志系统初始化完成
[2025-07-22 19:23:19] [WARNING] 日志系统初始化失败，已切换到备用日志配置。
[2025-07-22 19:23:19] [INFO] FSP-TCS仿真系统启动。
[2025-07-22 19:23:19] [INFO] TCS 环境创建成功。
[2025-07-22 19:23:19] [INFO] 初始化结果收集器和性能监控器。
[2025-07-22 19:23:19] [INFO] 开始 FSP 仿真主循环。
[2025-07-22 19:23:19] [INFO] --- FSP 迭代 1/1000 ---
[2025-07-22 19:23:19] [INFO] 智能体学习阶段开始。
[2025-07-22 19:29:40] [INFO] 日志系统初始化完成
[2025-07-22 19:29:40] [WARNING] 日志系统初始化失败，已切换到备用日志配置。
[2025-07-22 19:29:40] [INFO] FSP-TCS仿真系统启动。
[2025-07-22 19:29:40] [INFO] TCS 环境创建成功。
[2025-07-22 19:29:40] [INFO] 初始化结果收集器和性能监控器。
[2025-07-22 19:29:40] [INFO] 开始 FSP 仿真主循环。
[2025-07-22 19:29:40] [INFO] --- FSP 迭代 1/1000 ---
[2025-07-22 19:29:40] [INFO] 智能体学习阶段开始。
[2025-07-22 19:31:04] [INFO] 日志系统初始化完成
[2025-07-22 19:31:04] [WARNING] 日志系统初始化失败，已切换到备用日志配置。
[2025-07-22 19:31:04] [INFO] FSP-TCS仿真系统启动。
[2025-07-22 19:31:04] [INFO] TCS 环境创建成功。
[2025-07-22 19:31:05] [INFO] 初始化结果收集器和性能监控器。
[2025-07-22 19:31:05] [INFO] 开始 FSP 仿真主循环。
[2025-07-22 19:31:05] [INFO] --- FSP 迭代 1/1000 ---
[2025-07-22 19:31:05] [INFO] 智能体学习阶段开始。
