[2025-07-21 21:26:43] [INFO] 日志系统初始化完成
[2025-07-21 21:26:43] [INFO] FSP-TCS仿真开始
[2025-07-21 21:26:43] [INFO] 开始FSP仿真训练...
[2025-07-21 21:26:43] [INFO] FSP仿真训练开始
[2025-07-21 21:26:43] [INFO] 迭代 1 完成，用时 0.17秒
[2025-07-21 21:26:43] [INFO] 迭代 2 完成，用时 0.07秒
[2025-07-21 21:26:43] [INFO] 迭代 3 完成，用时 0.07秒
[2025-07-21 21:26:43] [INFO] 迭代 4 完成，用时 0.09秒
[2025-07-21 21:26:44] [INFO] 迭代 5 完成，用时 0.07秒
[2025-07-21 21:26:44] [INFO] 迭代 6 完成，用时 0.08秒
[2025-07-21 21:26:44] [INFO] 迭代 7 完成，用时 0.07秒
[2025-07-21 21:26:44] [INFO] 迭代 8 完成，用时 0.08秒
[2025-07-21 21:26:44] [INFO] 迭代 9 完成，用时 0.07秒
[2025-07-21 21:26:44] [INFO] 迭代 10 完成，用时 0.08秒
[2025-07-21 21:26:44] [INFO] 迭代 11 完成，用时 0.10秒
[2025-07-21 21:26:44] [INFO] 迭代 12 完成，用时 0.07秒
[2025-07-21 21:26:44] [INFO] 迭代 13 完成，用时 0.06秒
[2025-07-21 21:26:44] [INFO] 迭代 14 完成，用时 0.07秒
[2025-07-21 21:26:44] [INFO] 迭代 15 完成，用时 0.07秒
[2025-07-21 21:26:44] [INFO] 迭代 16 完成，用时 0.07秒
[2025-07-21 21:26:44] [INFO] 迭代 17 完成，用时 0.07秒
[2025-07-21 21:26:44] [INFO] 迭代 18 完成，用时 0.07秒
[2025-07-21 21:26:45] [INFO] 迭代 19 完成，用时 0.11秒
[2025-07-21 21:26:45] [INFO] 迭代 20 完成，用时 0.11秒
[2025-07-21 21:26:45] [INFO] 迭代 21 完成，用时 0.09秒
[2025-07-21 21:26:45] [INFO] 迭代 22 完成，用时 0.09秒
[2025-07-21 21:26:45] [INFO] 迭代 23 完成，用时 0.08秒
[2025-07-21 21:26:45] [INFO] 迭代 24 完成，用时 0.07秒
[2025-07-21 21:26:45] [INFO] 迭代 25 完成，用时 0.06秒
[2025-07-21 21:26:45] [INFO] 迭代 26 完成，用时 0.08秒
[2025-07-21 21:26:45] [INFO] 迭代 27 完成，用时 0.08秒
[2025-07-21 21:26:45] [INFO] 迭代 28 完成，用时 0.08秒
[2025-07-21 21:26:45] [INFO] 迭代 29 完成，用时 0.08秒
[2025-07-21 21:26:46] [INFO] 迭代 30 完成，用时 0.08秒
[2025-07-21 21:26:46] [INFO] 迭代 31 完成，用时 0.07秒
[2025-07-21 21:26:46] [INFO] 迭代 32 完成，用时 0.08秒
[2025-07-21 21:26:46] [INFO] 迭代 33 完成，用时 0.08秒
[2025-07-21 21:26:46] [INFO] 迭代 34 完成，用时 0.07秒
[2025-07-21 21:26:46] [INFO] 迭代 35 完成，用时 0.07秒
[2025-07-21 21:26:46] [INFO] 迭代 36 完成，用时 0.08秒
[2025-07-21 21:26:46] [INFO] 迭代 37 完成，用时 0.07秒
[2025-07-21 21:26:46] [INFO] 迭代 38 完成，用时 0.08秒
[2025-07-21 21:26:46] [INFO] 迭代 39 完成，用时 0.08秒
[2025-07-21 21:26:46] [INFO] 迭代 40 完成，用时 0.06秒
[2025-07-21 21:26:46] [INFO] 迭代 41 完成，用时 0.07秒
[2025-07-21 21:26:46] [INFO] 迭代 42 完成，用时 0.08秒
[2025-07-21 21:26:47] [INFO] 迭代 43 完成，用时 0.07秒
[2025-07-21 21:26:47] [INFO] 迭代 44 完成，用时 0.06秒
[2025-07-21 21:26:47] [INFO] 迭代 45 完成，用时 0.06秒
[2025-07-21 21:26:47] [INFO] 迭代 46 完成，用时 0.09秒
[2025-07-21 21:26:47] [INFO] 迭代 47 完成，用时 0.06秒
[2025-07-21 21:26:47] [INFO] 迭代 48 完成，用时 0.07秒
[2025-07-21 21:26:47] [INFO] 迭代 49 完成，用时 0.06秒
[2025-07-21 21:26:47] [INFO] 迭代 50 完成，用时 0.06秒
[2025-07-21 21:26:47] [INFO] 迭代 51 完成，用时 0.06秒
[2025-07-21 21:26:47] [INFO] 迭代 52 完成，用时 0.06秒
[2025-07-21 21:26:47] [INFO] 迭代 53 完成，用时 0.05秒
[2025-07-21 21:26:47] [INFO] 迭代 54 完成，用时 0.06秒
[2025-07-21 21:26:47] [INFO] 迭代 55 完成，用时 0.06秒
[2025-07-21 21:26:47] [INFO] 迭代 56 完成，用时 0.05秒
[2025-07-21 21:26:47] [INFO] 迭代 57 完成，用时 0.06秒
[2025-07-21 21:26:47] [INFO] 迭代 58 完成，用时 0.05秒
[2025-07-21 21:26:47] [INFO] 迭代 59 完成，用时 0.06秒
[2025-07-21 21:26:48] [INFO] 迭代 60 完成，用时 0.05秒
[2025-07-21 21:26:48] [INFO] 迭代 61 完成，用时 0.05秒
[2025-07-21 21:26:48] [INFO] 迭代 62 完成，用时 0.06秒
[2025-07-21 21:26:48] [INFO] 迭代 63 完成，用时 0.06秒
[2025-07-21 21:26:48] [INFO] 迭代 64 完成，用时 0.06秒
[2025-07-21 21:26:48] [INFO] 迭代 65 完成，用时 0.06秒
[2025-07-21 21:26:48] [INFO] 迭代 66 完成，用时 0.06秒
[2025-07-21 21:26:48] [INFO] 迭代 67 完成，用时 0.06秒
[2025-07-21 21:26:48] [INFO] 迭代 68 完成，用时 0.06秒
[2025-07-21 21:26:48] [INFO] 迭代 69 完成，用时 0.06秒
[2025-07-21 21:26:48] [INFO] 迭代 70 完成，用时 0.06秒
[2025-07-21 21:26:48] [INFO] 迭代 71 完成，用时 0.06秒
[2025-07-21 21:26:48] [INFO] 迭代 72 完成，用时 0.06秒
[2025-07-21 21:26:48] [INFO] 迭代 73 完成，用时 0.06秒
[2025-07-21 21:26:48] [INFO] 迭代 74 完成，用时 0.06秒
[2025-07-21 21:26:48] [INFO] 迭代 75 完成，用时 0.06秒
[2025-07-21 21:26:48] [INFO] 迭代 76 完成，用时 0.07秒
[2025-07-21 21:26:49] [INFO] 迭代 77 完成，用时 0.06秒
[2025-07-21 21:26:49] [INFO] 迭代 78 完成，用时 0.06秒
[2025-07-21 21:26:49] [INFO] 迭代 79 完成，用时 0.06秒
[2025-07-21 21:26:49] [INFO] 迭代 80 完成，用时 0.06秒
[2025-07-21 21:26:49] [INFO] 迭代 81 完成，用时 0.06秒
[2025-07-21 21:26:49] [INFO] 迭代 82 完成，用时 0.07秒
